../../../../../Drivers/CMSIS/Include/core_cm4.h:1933:34:__NVIC_SystemReset	4	static,ignoring_inline_asm
../LoRaWAN/App/lora_at.c:170:12:AT_return_ok	16	static
../LoRaWAN/App/lora_at.c:175:12:AT_return_error	16	static
../LoRaWAN/App/lora_at.c:181:6:AT_event_join	16	static
../LoRaWAN/App/lora_at.c:199:6:AT_event_receive	80	static
../LoRaWAN/App/lora_at.c:248:6:AT_event_confirm	16	static
../LoRaWAN/App/lora_at.c:263:12:AT_reset	16	static
../LoRaWAN/App/lora_at.c:274:12:AT_verbose_get	16	static
../LoRaWAN/App/lora_at.c:286:12:AT_verbose_set	24	static
../LoRaWAN/App/lora_at.c:314:12:AT_LocalTime_get	96	static
../LoRaWAN/App/lora_at.c:338:12:AT_JoinEUI_get	24	static
../LoRaWAN/App/lora_at.c:356:12:AT_JoinEUI_set	48	static
../LoRaWAN/App/lora_at.c:380:12:AT_NwkKey_get	32	static
../LoRaWAN/App/lora_at.c:398:12:AT_NwkKey_set	32	static
../LoRaWAN/App/lora_at.c:420:12:AT_AppKey_get	32	static
../LoRaWAN/App/lora_at.c:438:12:AT_AppKey_set	32	static
../LoRaWAN/App/lora_at.c:460:12:AT_NwkSKey_get	32	static
../LoRaWAN/App/lora_at.c:478:12:AT_NwkSKey_set	32	static
../LoRaWAN/App/lora_at.c:500:12:AT_AppSKey_get	32	static
../LoRaWAN/App/lora_at.c:518:12:AT_AppSKey_set	32	static
../LoRaWAN/App/lora_at.c:540:12:AT_DevAddr_get	24	static
../LoRaWAN/App/lora_at.c:558:12:AT_DevAddr_set	24	static
../LoRaWAN/App/lora_at.c:580:12:AT_DevEUI_get	24	static
../LoRaWAN/App/lora_at.c:598:12:AT_DevEUI_set	48	static
../LoRaWAN/App/lora_at.c:622:12:AT_NetworkID_get	24	static
../LoRaWAN/App/lora_at.c:640:12:AT_NetworkID_set	24	static
../LoRaWAN/App/lora_at.c:664:12:AT_Join	16	static
../LoRaWAN/App/lora_at.c:687:12:AT_Link_Check	16	static
../LoRaWAN/App/lora_at.c:703:12:AT_Send	48	static
../LoRaWAN/App/lora_at.c:828:12:AT_version_get	32	static
../LoRaWAN/App/lora_at.c:857:12:AT_ADR_get	24	static
../LoRaWAN/App/lora_at.c:875:12:AT_ADR_set	16	static
../LoRaWAN/App/lora_at.c:896:12:AT_DataRate_get	24	static
../LoRaWAN/App/lora_at.c:914:12:AT_DataRate_set	24	static
../LoRaWAN/App/lora_at.c:941:12:AT_Region_get	80	static
../LoRaWAN/App/lora_at.c:965:12:AT_Region_set	24	static
../LoRaWAN/App/lora_at.c:991:12:AT_DeviceClass_get	32	static
../LoRaWAN/App/lora_at.c:1046:12:AT_DeviceClass_set	24	static
../LoRaWAN/App/lora_at.c:1100:12:AT_DutyCycle_get	24	static
../LoRaWAN/App/lora_at.c:1118:12:AT_DutyCycle_set	16	static
../LoRaWAN/App/lora_at.c:1139:12:AT_JoinAcceptDelay1_get	24	static
../LoRaWAN/App/lora_at.c:1157:12:AT_JoinAcceptDelay1_set	24	static
../LoRaWAN/App/lora_at.c:1178:12:AT_JoinAcceptDelay2_get	24	static
../LoRaWAN/App/lora_at.c:1196:12:AT_JoinAcceptDelay2_set	24	static
../LoRaWAN/App/lora_at.c:1217:12:AT_Rx1Delay_get	24	static
../LoRaWAN/App/lora_at.c:1235:12:AT_Rx1Delay_set	24	static
../LoRaWAN/App/lora_at.c:1256:12:AT_Rx2Delay_get	24	static
../LoRaWAN/App/lora_at.c:1274:12:AT_Rx2Delay_set	24	static
../LoRaWAN/App/lora_at.c:1295:12:AT_Rx2DataRate_get	24	static
../LoRaWAN/App/lora_at.c:1309:12:AT_Rx2DataRate_set	24	static
../LoRaWAN/App/lora_at.c:1339:12:AT_Rx2Frequency_get	24	static
../LoRaWAN/App/lora_at.c:1353:12:AT_Rx2Frequency_set	24	static
../LoRaWAN/App/lora_at.c:1379:12:AT_TransmitPower_get	24	static
../LoRaWAN/App/lora_at.c:1397:12:AT_TransmitPower_set	24	static
../LoRaWAN/App/lora_at.c:1419:12:AT_PingSlot_get	24	static
../LoRaWAN/App/lora_at.c:1438:12:AT_PingSlot_set	24	static
../LoRaWAN/App/lora_at.c:1465:12:AT_test_txTone	16	static
../LoRaWAN/App/lora_at.c:1483:12:AT_test_rxRssi	16	static
../LoRaWAN/App/lora_at.c:1501:12:AT_test_get_config	176	static
../LoRaWAN/App/lora_at.c:1558:12:AT_test_set_config	168	static
../LoRaWAN/App/lora_at.c:1771:12:AT_test_tx	24	static
../LoRaWAN/App/lora_at.c:1798:12:AT_test_rx	24	static
../LoRaWAN/App/lora_at.c:1824:12:AT_Certif	24	static
../LoRaWAN/App/lora_at.c:1851:12:AT_test_tx_hopping	112	static
../LoRaWAN/App/lora_at.c:1913:12:AT_test_stop	16	static
../LoRaWAN/App/lora_at.c:1926:12:AT_write_register	24	static
../LoRaWAN/App/lora_at.c:1958:12:AT_read_register	32	static
../LoRaWAN/App/lora_at.c:1988:12:AT_bat_get	16	static
../LoRaWAN/App/lora_at.c:2006:16:sscanf_uint32_as_hhx	24	static
../LoRaWAN/App/lora_at.c:2021:12:sscanf_16_hhx	120	static
../LoRaWAN/App/lora_at.c:2035:13:print_uint32_as_02x	32	static
../LoRaWAN/App/lora_at.c:2050:13:print_16_02x	128	static
../LoRaWAN/App/lora_at.c:2065:13:print_8_02x	64	static
../LoRaWAN/App/lora_at.c:2077:13:print_d	24	static
../LoRaWAN/App/lora_at.c:2088:13:print_u	24	static
../LoRaWAN/App/lora_at.c:2099:13:OnCertifTimer	16	static
../LoRaWAN/App/lora_at.c:2110:13:CertifSend	8	static
../LoRaWAN/App/lora_at.c:2127:16:Char2Nibble	16	static
../LoRaWAN/App/lora_at.c:2150:16:stringToData	40	static
../LoRaWAN/App/lora_at.c:2184:16:isHex	16	static
