../../../../../Drivers/STM32WLxx_HAL_Driver/Inc/stm32wlxx_ll_rcc.h:1258:22:LL_RCC_LSE_SetDriveCapability	16	static
../../../../../Drivers/STM32WLxx_HAL_Driver/Inc/stm32wlxx_ll_bus.h:449:22:LL_AHB2_GRP1_EnableClock	24	static
../Core/Src/main.c:82:5:main	72	static
../Core/Src/main.c:129:6:SystemClock_Config	112	static
../Core/Src/main.c:177:13:MX_LPTIM1_Init	8	static
../Core/Src/main.c:211:6:MX_GPIO_Init	32	static
../Core/Src/main.c:231:9:LED_control	16	static
../Core/Src/main.c:238:6:StartLoRaWANTask	16	static
../Core/Src/main.c:252:6:StartLedTask	16	static
../Core/Src/main.c:267:6:Error_Handler	4	static,ignoring_inline_asm
