../Core/Src/stm32wlxx_it.c:75:6:NMI_Handler	4	static
../Core/Src/stm32wlxx_it.c:90:6:HardFault_Handler	4	static
../Core/Src/stm32wlxx_it.c:105:6:MemManage_Handler	4	static
../Core/Src/stm32wlxx_it.c:120:6:BusFault_Handler	4	static
../Core/Src/stm32wlxx_it.c:135:6:UsageFault_Handler	4	static
../Core/Src/stm32wlxx_it.c:163:6:DebugMon_Handler	4	static
../Core/Src/stm32wlxx_it.c:198:6:SysTick_Handler	8	static
../Core/Src/stm32wlxx_it.c:226:6:TAMP_STAMP_LSECSS_SSRU_IRQHandler	8	static
../Core/Src/stm32wlxx_it.c:240:6:EXTI15_10_IRQHandler	8	static
../Core/Src/stm32wlxx_it.c:255:6:DMA1_Channel5_IRQHandler	8	static
../Core/Src/stm32wlxx_it.c:273:6:USART1_IRQHandler	8	static
../Core/Src/stm32wlxx_it.c:287:6:USART2_IRQHandler	8	static
../Core/Src/stm32wlxx_it.c:301:6:RTC_Alarm_IRQHandler	8	static
../Core/Src/stm32wlxx_it.c:315:6:SUBGHZ_Radio_IRQHandler	8	static
../Core/Src/stm32wlxx_it.c:331:6:LPTIM1_IRQHandler	8	static
