../../../../../Drivers/STM32WLxx_HAL_Driver/Inc/stm32wlxx_ll_rtc.h:1527:26:LL_RTC_TIME_GetSubSecond	16	static
../Core/Src/timer_if.c:183:21:TIMER_IF_Init	16	static
../Core/Src/timer_if.c:220:21:TIMER_IF_StartTimer	64	static
../Core/Src/timer_if.c:248:21:TIMER_IF_StopTimer	16	static
../Core/Src/timer_if.c:266:10:TIMER_IF_SetTimerContext	8	static
../Core/Src/timer_if.c:280:10:TIMER_IF_GetTimerContext	4	static
../Core/Src/timer_if.c:291:10:TIMER_IF_GetTimerElapsedTime	16	static
../Core/Src/timer_if.c:304:10:TIMER_IF_GetTimerValue	16	static
../Core/Src/timer_if.c:320:10:TIMER_IF_GetMinimumTimeout	16	static
../Core/Src/timer_if.c:333:10:TIMER_IF_Convert_ms2Tick	32	static
../Core/Src/timer_if.c:346:10:TIMER_IF_Convert_Tick2ms	48	static
../Core/Src/timer_if.c:359:6:TIMER_IF_DelayMs	24	static,ignoring_inline_asm
../Core/Src/timer_if.c:377:6:HAL_RTC_AlarmAEventCallback	16	static
../Core/Src/timer_if.c:388:6:HAL_RTCEx_SSRUEventCallback	24	static
../Core/Src/timer_if.c:403:10:TIMER_IF_GetTime	80	static
../Core/Src/timer_if.c:427:6:TIMER_IF_BkUp_Write_Seconds	16	static
../Core/Src/timer_if.c:438:6:TIMER_IF_BkUp_Write_SubSeconds	16	static
../Core/Src/timer_if.c:449:10:TIMER_IF_BkUp_Read_Seconds	16	static
../Core/Src/timer_if.c:462:10:TIMER_IF_BkUp_Read_SubSeconds	16	static
../Core/Src/timer_if.c:480:13:TIMER_IF_BkUp_Write_MSBticks	16	static
../Core/Src/timer_if.c:491:17:TIMER_IF_BkUp_Read_MSBticks	16	static
../Core/Src/timer_if.c:504:24:GetTimerTicks	8	static
