../../../../../Drivers/STM32WLxx_HAL_Driver/Inc/stm32wlxx_ll_bus.h:1374:22:LL_APB2_GRP1_ForceReset	16	static
../../../../../Drivers/STM32WLxx_HAL_Driver/Inc/stm32wlxx_ll_bus.h:1397:22:LL_APB2_GRP1_ReleaseReset	16	static
../../../../../Drivers/STM32WLxx_HAL_Driver/Inc/stm32wlxx_ll_exti.h:266:22:LL_EXTI_EnableIT_0_31	16	static
../Core/Src/usart_if.c:104:25:vcom_Init	16	static
../Core/Src/usart_if.c:123:25:vcom_DeInit	8	static
../Core/Src/usart_if.c:154:6:vcom_Trace	16	static
../Core/Src/usart_if.c:169:25:vcom_Trace_DMA	16	static
../Core/Src/usart_if.c:185:25:vcom_ReceiveInit	24	static
../Core/Src/usart_if.c:238:6:vcom_Resume	8	static
../Core/Src/usart_if.c:273:6:HAL_UART_TxCpltCallback	16	static
../Core/Src/usart_if.c:285:6:HAL_UART_RxCpltCallback	16	static
