C:/Users/VAI/Documents/Cube/LoRaWan-E5-Node-main/Middlewares/Third_Party/littlefs/lfs_util.h:107:24:lfs_max	16	static
C:/Users/VAI/Documents/Cube/LoRaWan-E5-Node-main/Middlewares/Third_Party/littlefs/lfs_util.h:111:24:lfs_min	16	static
C:/Users/VAI/Documents/Cube/LoRaWan-E5-Node-main/Middlewares/Third_Party/littlefs/lfs_util.h:116:24:lfs_aligndown	16	static
C:/Users/VAI/Documents/Cube/LoRaWan-E5-Node-main/Middlewares/Third_Party/littlefs/lfs_util.h:120:24:lfs_alignup	16	static
C:/Users/VAI/Documents/Cube/LoRaWan-E5-Node-main/Middlewares/Third_Party/littlefs/lfs_util.h:125:24:lfs_npw2	16	static
C:/Users/VAI/Documents/Cube/LoRaWan-E5-Node-main/Middlewares/Third_Party/littlefs/lfs_util.h:142:24:lfs_ctz	16	static
C:/Users/VAI/Documents/Cube/LoRaWan-E5-Node-main/Middlewares/Third_Party/littlefs/lfs_util.h:151:24:lfs_popc	16	static
C:/Users/VAI/Documents/Cube/LoRaWan-E5-Node-main/Middlewares/Third_Party/littlefs/lfs_util.h:163:19:lfs_scmp	16	static
C:/Users/VAI/Documents/Cube/LoRaWan-E5-Node-main/Middlewares/Third_Party/littlefs/lfs_util.h:168:24:lfs_fromle32	16	static
C:/Users/VAI/Documents/Cube/LoRaWan-E5-Node-main/Middlewares/Third_Party/littlefs/lfs_util.h:187:24:lfs_tole32	16	static
C:/Users/VAI/Documents/Cube/LoRaWan-E5-Node-main/Middlewares/Third_Party/littlefs/lfs_util.h:192:24:lfs_frombe32	16	static
C:/Users/VAI/Documents/Cube/LoRaWan-E5-Node-main/Middlewares/Third_Party/littlefs/lfs_util.h:211:24:lfs_tobe32	16	static
C:/Users/VAI/Documents/Cube/LoRaWan-E5-Node-main/Middlewares/Third_Party/littlefs/lfs_util.h:220:21:lfs_malloc	16	static
C:/Users/VAI/Documents/Cube/LoRaWan-E5-Node-main/Middlewares/Third_Party/littlefs/lfs_util.h:230:20:lfs_free	16	static
C:/Users/VAI/Documents/Cube/LoRaWan-E5-Node-main/Middlewares/Third_Party/littlefs/lfs.c:14:20:lfs_cache_drop	16	static
C:/Users/VAI/Documents/Cube/LoRaWan-E5-Node-main/Middlewares/Third_Party/littlefs/lfs.c:21:20:lfs_cache_zero	16	static
C:/Users/VAI/Documents/Cube/LoRaWan-E5-Node-main/Middlewares/Third_Party/littlefs/lfs.c:27:12:lfs_bd_read	56	static
C:/Users/VAI/Documents/Cube/LoRaWan-E5-Node-main/Middlewares/Third_Party/littlefs/lfs.c:116:12:lfs_bd_cmp	64	static
C:/Users/VAI/Documents/Cube/LoRaWan-E5-Node-main/Middlewares/Third_Party/littlefs/lfs.c:144:12:lfs_bd_flush	64	static
C:/Users/VAI/Documents/Cube/LoRaWan-E5-Node-main/Middlewares/Third_Party/littlefs/lfs.c:179:12:lfs_bd_sync	32	static
C:/Users/VAI/Documents/Cube/LoRaWan-E5-Node-main/Middlewares/Third_Party/littlefs/lfs.c:195:12:lfs_bd_prog	40	static
C:/Users/VAI/Documents/Cube/LoRaWan-E5-Node-main/Middlewares/Third_Party/littlefs/lfs.c:243:12:lfs_bd_erase	24	static
C:/Users/VAI/Documents/Cube/LoRaWan-E5-Node-main/Middlewares/Third_Party/littlefs/lfs.c:254:20:lfs_pair_swap	24	static
C:/Users/VAI/Documents/Cube/LoRaWan-E5-Node-main/Middlewares/Third_Party/littlefs/lfs.c:260:20:lfs_pair_isnull	16	static
C:/Users/VAI/Documents/Cube/LoRaWan-E5-Node-main/Middlewares/Third_Party/littlefs/lfs.c:264:19:lfs_pair_cmp	16	static
C:/Users/VAI/Documents/Cube/LoRaWan-E5-Node-main/Middlewares/Third_Party/littlefs/lfs.c:271:20:lfs_pair_sync	16	static
C:/Users/VAI/Documents/Cube/LoRaWan-E5-Node-main/Middlewares/Third_Party/littlefs/lfs.c:278:20:lfs_pair_fromle32	24	static
C:/Users/VAI/Documents/Cube/LoRaWan-E5-Node-main/Middlewares/Third_Party/littlefs/lfs.c:283:20:lfs_pair_tole32	24	static
C:/Users/VAI/Documents/Cube/LoRaWan-E5-Node-main/Middlewares/Third_Party/littlefs/lfs.c:301:20:lfs_tag_isvalid	16	static
C:/Users/VAI/Documents/Cube/LoRaWan-E5-Node-main/Middlewares/Third_Party/littlefs/lfs.c:305:20:lfs_tag_isdelete	16	static
C:/Users/VAI/Documents/Cube/LoRaWan-E5-Node-main/Middlewares/Third_Party/littlefs/lfs.c:309:24:lfs_tag_type1	16	static
C:/Users/VAI/Documents/Cube/LoRaWan-E5-Node-main/Middlewares/Third_Party/littlefs/lfs.c:313:24:lfs_tag_type3	16	static
C:/Users/VAI/Documents/Cube/LoRaWan-E5-Node-main/Middlewares/Third_Party/littlefs/lfs.c:317:23:lfs_tag_chunk	16	static
C:/Users/VAI/Documents/Cube/LoRaWan-E5-Node-main/Middlewares/Third_Party/littlefs/lfs.c:321:22:lfs_tag_splice	16	static
C:/Users/VAI/Documents/Cube/LoRaWan-E5-Node-main/Middlewares/Third_Party/littlefs/lfs.c:325:24:lfs_tag_id	16	static
C:/Users/VAI/Documents/Cube/LoRaWan-E5-Node-main/Middlewares/Third_Party/littlefs/lfs.c:329:26:lfs_tag_size	16	static
C:/Users/VAI/Documents/Cube/LoRaWan-E5-Node-main/Middlewares/Third_Party/littlefs/lfs.c:333:26:lfs_tag_dsize	16	static
C:/Users/VAI/Documents/Cube/LoRaWan-E5-Node-main/Middlewares/Third_Party/littlefs/lfs.c:353:20:lfs_gstate_xor	24	static
C:/Users/VAI/Documents/Cube/LoRaWan-E5-Node-main/Middlewares/Third_Party/littlefs/lfs.c:359:20:lfs_gstate_iszero	24	static
C:/Users/VAI/Documents/Cube/LoRaWan-E5-Node-main/Middlewares/Third_Party/littlefs/lfs.c:368:20:lfs_gstate_hasorphans	16	static
C:/Users/VAI/Documents/Cube/LoRaWan-E5-Node-main/Middlewares/Third_Party/littlefs/lfs.c:372:23:lfs_gstate_getorphans	16	static
C:/Users/VAI/Documents/Cube/LoRaWan-E5-Node-main/Middlewares/Third_Party/littlefs/lfs.c:376:20:lfs_gstate_hasmove	16	static
C:/Users/VAI/Documents/Cube/LoRaWan-E5-Node-main/Middlewares/Third_Party/littlefs/lfs.c:380:20:lfs_gstate_hasmovehere	16	static
C:/Users/VAI/Documents/Cube/LoRaWan-E5-Node-main/Middlewares/Third_Party/littlefs/lfs.c:385:20:lfs_gstate_fromle32	16	static
C:/Users/VAI/Documents/Cube/LoRaWan-E5-Node-main/Middlewares/Third_Party/littlefs/lfs.c:391:20:lfs_gstate_tole32	16	static
C:/Users/VAI/Documents/Cube/LoRaWan-E5-Node-main/Middlewares/Third_Party/littlefs/lfs.c:398:13:lfs_ctz_fromle32	16	static
C:/Users/VAI/Documents/Cube/LoRaWan-E5-Node-main/Middlewares/Third_Party/littlefs/lfs.c:404:13:lfs_ctz_tole32	16	static
C:/Users/VAI/Documents/Cube/LoRaWan-E5-Node-main/Middlewares/Third_Party/littlefs/lfs.c:410:20:lfs_superblock_fromle32	16	static
C:/Users/VAI/Documents/Cube/LoRaWan-E5-Node-main/Middlewares/Third_Party/littlefs/lfs.c:419:20:lfs_superblock_tole32	16	static
C:/Users/VAI/Documents/Cube/LoRaWan-E5-Node-main/Middlewares/Third_Party/littlefs/lfs.c:429:13:lfs_mlist_isopen	24	static
C:/Users/VAI/Documents/Cube/LoRaWan-E5-Node-main/Middlewares/Third_Party/littlefs/lfs.c:441:13:lfs_mlist_remove	24	static
C:/Users/VAI/Documents/Cube/LoRaWan-E5-Node-main/Middlewares/Third_Party/littlefs/lfs.c:450:13:lfs_mlist_append	16	static
C:/Users/VAI/Documents/Cube/LoRaWan-E5-Node-main/Middlewares/Third_Party/littlefs/lfs.c:505:12:lfs_alloc_lookahead	24	static
C:/Users/VAI/Documents/Cube/LoRaWan-E5-Node-main/Middlewares/Third_Party/littlefs/lfs.c:521:13:lfs_alloc_ack	16	static
C:/Users/VAI/Documents/Cube/LoRaWan-E5-Node-main/Middlewares/Third_Party/littlefs/lfs.c:527:13:lfs_alloc_drop	16	static
C:/Users/VAI/Documents/Cube/LoRaWan-E5-Node-main/Middlewares/Third_Party/littlefs/lfs.c:534:12:lfs_alloc	32	static
C:/Users/VAI/Documents/Cube/LoRaWan-E5-Node-main/Middlewares/Third_Party/littlefs/lfs.c:582:19:lfs_dir_getslice	72	static
C:/Users/VAI/Documents/Cube/LoRaWan-E5-Node-main/Middlewares/Third_Party/littlefs/lfs.c:644:19:lfs_dir_get	40	static
C:/Users/VAI/Documents/Cube/LoRaWan-E5-Node-main/Middlewares/Third_Party/littlefs/lfs.c:651:12:lfs_dir_getread	56	static
C:/Users/VAI/Documents/Cube/LoRaWan-E5-Node-main/Middlewares/Third_Party/littlefs/lfs.c:713:12:lfs_dir_traverse_filter	40	static
C:/Users/VAI/Documents/Cube/LoRaWan-E5-Node-main/Middlewares/Third_Party/littlefs/lfs.c:743:12:lfs_dir_traverse	128	static
C:/Users/VAI/Documents/Cube/LoRaWan-E5-Node-main/Middlewares/Third_Party/littlefs/lfs.c:838:19:lfs_dir_fetchmatch	136	static
C:/Users/VAI/Documents/Cube/LoRaWan-E5-Node-main/Middlewares/Third_Party/littlefs/lfs.c:1075:12:lfs_dir_fetch	40	static
C:/Users/VAI/Documents/Cube/LoRaWan-E5-Node-main/Middlewares/Third_Party/littlefs/lfs.c:1083:12:lfs_dir_getgstate	48	static
C:/Users/VAI/Documents/Cube/LoRaWan-E5-Node-main/Middlewares/Third_Party/littlefs/lfs.c:1101:12:lfs_dir_getinfo	48	static
C:/Users/VAI/Documents/Cube/LoRaWan-E5-Node-main/Middlewares/Third_Party/littlefs/lfs.c:1141:12:lfs_dir_find_match	72	static
C:/Users/VAI/Documents/Cube/LoRaWan-E5-Node-main/Middlewares/Third_Party/littlefs/lfs.c:1165:19:lfs_dir_find	88	static
C:/Users/VAI/Documents/Cube/LoRaWan-E5-Node-main/Middlewares/Third_Party/littlefs/lfs.c:1277:12:lfs_dir_commitprog	56	static
C:/Users/VAI/Documents/Cube/LoRaWan-E5-Node-main/Middlewares/Third_Party/littlefs/lfs.c:1294:12:lfs_dir_commitattr	72	static
C:/Users/VAI/Documents/Cube/LoRaWan-E5-Node-main/Middlewares/Third_Party/littlefs/lfs.c:1341:12:lfs_dir_commitcrc	104	static
C:/Users/VAI/Documents/Cube/LoRaWan-E5-Node-main/Middlewares/Third_Party/littlefs/lfs.c:1443:12:lfs_dir_alloc	48	static
C:/Users/VAI/Documents/Cube/LoRaWan-E5-Node-main/Middlewares/Third_Party/littlefs/lfs.c:1487:12:lfs_dir_drop	48	static
C:/Users/VAI/Documents/Cube/LoRaWan-E5-Node-main/Middlewares/Third_Party/littlefs/lfs.c:1508:12:lfs_dir_split	80	static
C:/Users/VAI/Documents/Cube/LoRaWan-E5-Node-main/Middlewares/Third_Party/littlefs/lfs.c:1543:12:lfs_dir_commit_size	32	static
C:/Users/VAI/Documents/Cube/LoRaWan-E5-Node-main/Middlewares/Third_Party/littlefs/lfs.c:1560:12:lfs_dir_commit_commit	32	static
C:/Users/VAI/Documents/Cube/LoRaWan-E5-Node-main/Middlewares/Third_Party/littlefs/lfs.c:1567:12:lfs_dir_compact	192	static
C:/Users/VAI/Documents/Cube/LoRaWan-E5-Node-main/Middlewares/Third_Party/littlefs/lfs.c:1826:12:lfs_dir_commit	240	static
C:/Users/VAI/Documents/Cube/LoRaWan-E5-Node-main/Middlewares/Third_Party/littlefs/lfs.c:2019:12:lfs_rawmkdir	240	static
C:/Users/VAI/Documents/Cube/LoRaWan-E5-Node-main/Middlewares/Third_Party/littlefs/lfs.c:2115:12:lfs_dir_rawopen	64	static
C:/Users/VAI/Documents/Cube/LoRaWan-E5-Node-main/Middlewares/Third_Party/littlefs/lfs.c:2159:12:lfs_dir_rawclose	16	static
C:/Users/VAI/Documents/Cube/LoRaWan-E5-Node-main/Middlewares/Third_Party/littlefs/lfs.c:2166:12:lfs_dir_rawread	32	static
C:/Users/VAI/Documents/Cube/LoRaWan-E5-Node-main/Middlewares/Third_Party/littlefs/lfs.c:2211:12:lfs_dir_rawseek	32	static
C:/Users/VAI/Documents/Cube/LoRaWan-E5-Node-main/Middlewares/Third_Party/littlefs/lfs.c:2248:19:lfs_dir_rawtell	16	static
C:/Users/VAI/Documents/Cube/LoRaWan-E5-Node-main/Middlewares/Third_Party/littlefs/lfs.c:2253:12:lfs_dir_rawrewind	24	static
C:/Users/VAI/Documents/Cube/LoRaWan-E5-Node-main/Middlewares/Third_Party/littlefs/lfs.c:2267:12:lfs_ctz_index	40	static
C:/Users/VAI/Documents/Cube/LoRaWan-E5-Node-main/Middlewares/Third_Party/littlefs/lfs.c:2280:12:lfs_ctz_find	72	static
C:/Users/VAI/Documents/Cube/LoRaWan-E5-Node-main/Middlewares/Third_Party/littlefs/lfs.c:2315:12:lfs_ctz_extend	80	static
C:/Users/VAI/Documents/Cube/LoRaWan-E5-Node-main/Middlewares/Third_Party/littlefs/lfs.c:2414:12:lfs_ctz_traverse	72	static
C:/Users/VAI/Documents/Cube/LoRaWan-E5-Node-main/Middlewares/Third_Party/littlefs/lfs.c:2459:12:lfs_file_rawopencfg	120	static
C:/Users/VAI/Documents/Cube/LoRaWan-E5-Node-main/Middlewares/Third_Party/littlefs/lfs.c:2622:12:lfs_file_rawopen	40	static
C:/Users/VAI/Documents/Cube/LoRaWan-E5-Node-main/Middlewares/Third_Party/littlefs/lfs.c:2629:12:lfs_file_rawclose	24	static
C:/Users/VAI/Documents/Cube/LoRaWan-E5-Node-main/Middlewares/Third_Party/littlefs/lfs.c:2649:12:lfs_file_relocate	64	static
C:/Users/VAI/Documents/Cube/LoRaWan-E5-Node-main/Middlewares/Third_Party/littlefs/lfs.c:2720:12:lfs_file_outline	24	static
C:/Users/VAI/Documents/Cube/LoRaWan-E5-Node-main/Middlewares/Third_Party/littlefs/lfs.c:2734:12:lfs_file_flush	136	static
C:/Users/VAI/Documents/Cube/LoRaWan-E5-Node-main/Middlewares/Third_Party/littlefs/lfs.c:2814:12:lfs_file_rawsync	72	static
C:/Users/VAI/Documents/Cube/LoRaWan-E5-Node-main/Middlewares/Third_Party/littlefs/lfs.c:2866:20:lfs_file_rawread	88	static
C:/Users/VAI/Documents/Cube/LoRaWan-E5-Node-main/Middlewares/Third_Party/littlefs/lfs.c:2940:20:lfs_file_rawwrite	96	static
C:/Users/VAI/Documents/Cube/LoRaWan-E5-Node-main/Middlewares/Third_Party/littlefs/lfs.c:3062:19:lfs_file_rawseek	32	static
C:/Users/VAI/Documents/Cube/LoRaWan-E5-Node-main/Middlewares/Third_Party/littlefs/lfs.c:3098:12:lfs_file_rawtruncate	72	static
C:/Users/VAI/Documents/Cube/LoRaWan-E5-Node-main/Middlewares/Third_Party/littlefs/lfs.c:3154:19:lfs_file_rawtell	16	static
C:/Users/VAI/Documents/Cube/LoRaWan-E5-Node-main/Middlewares/Third_Party/littlefs/lfs.c:3159:12:lfs_file_rawrewind	24	static
C:/Users/VAI/Documents/Cube/LoRaWan-E5-Node-main/Middlewares/Third_Party/littlefs/lfs.c:3168:19:lfs_file_rawsize	16	static
C:/Users/VAI/Documents/Cube/LoRaWan-E5-Node-main/Middlewares/Third_Party/littlefs/lfs.c:3182:12:lfs_rawstat	64	static
C:/Users/VAI/Documents/Cube/LoRaWan-E5-Node-main/Middlewares/Third_Party/littlefs/lfs.c:3193:12:lfs_rawremove	136	static
C:/Users/VAI/Documents/Cube/LoRaWan-E5-Node-main/Middlewares/Third_Party/littlefs/lfs.c:3272:12:lfs_rawrename	280	static
C:/Users/VAI/Documents/Cube/LoRaWan-E5-Node-main/Middlewares/Third_Party/littlefs/lfs.c:3406:20:lfs_rawgetattr	88	static
C:/Users/VAI/Documents/Cube/LoRaWan-E5-Node-main/Middlewares/Third_Party/littlefs/lfs.c:3440:12:lfs_commitattr	88	static
C:/Users/VAI/Documents/Cube/LoRaWan-E5-Node-main/Middlewares/Third_Party/littlefs/lfs.c:3464:12:lfs_rawsetattr	32	static
C:/Users/VAI/Documents/Cube/LoRaWan-E5-Node-main/Middlewares/Third_Party/littlefs/lfs.c:3475:12:lfs_rawremoveattr	32	static
C:/Users/VAI/Documents/Cube/LoRaWan-E5-Node-main/Middlewares/Third_Party/littlefs/lfs.c:3482:12:lfs_init	56	static
C:/Users/VAI/Documents/Cube/LoRaWan-E5-Node-main/Middlewares/Third_Party/littlefs/lfs.c:3591:12:lfs_deinit	16	static
C:/Users/VAI/Documents/Cube/LoRaWan-E5-Node-main/Middlewares/Third_Party/littlefs/lfs.c:3609:12:lfs_rawformat	136	static
C:/Users/VAI/Documents/Cube/LoRaWan-E5-Node-main/Middlewares/Third_Party/littlefs/lfs.c:3674:12:lfs_rawmount	120	static
C:/Users/VAI/Documents/Cube/LoRaWan-E5-Node-main/Middlewares/Third_Party/littlefs/lfs.c:3801:12:lfs_rawunmount	16	static
C:/Users/VAI/Documents/Cube/LoRaWan-E5-Node-main/Middlewares/Third_Party/littlefs/lfs.c:3807:5:lfs_fs_rawtraverse	128	static
C:/Users/VAI/Documents/Cube/LoRaWan-E5-Node-main/Middlewares/Third_Party/littlefs/lfs.c:3906:12:lfs_fs_pred	32	static
C:/Users/VAI/Documents/Cube/LoRaWan-E5-Node-main/Middlewares/Third_Party/littlefs/lfs.c:3941:12:lfs_fs_parent_match	72	static
C:/Users/VAI/Documents/Cube/LoRaWan-E5-Node-main/Middlewares/Third_Party/littlefs/lfs.c:3962:19:lfs_fs_parent	64	static
C:/Users/VAI/Documents/Cube/LoRaWan-E5-Node-main/Middlewares/Third_Party/littlefs/lfs.c:3991:12:lfs_fs_relocate	160	static
C:/Users/VAI/Documents/Cube/LoRaWan-E5-Node-main/Middlewares/Third_Party/littlefs/lfs.c:4094:12:lfs_fs_preporphans	24	static
C:/Users/VAI/Documents/Cube/LoRaWan-E5-Node-main/Middlewares/Third_Party/littlefs/lfs.c:4105:13:lfs_fs_prepmove	24	static
C:/Users/VAI/Documents/Cube/LoRaWan-E5-Node-main/Middlewares/Third_Party/littlefs/lfs.c:4115:12:lfs_fs_demove	96	static
C:/Users/VAI/Documents/Cube/LoRaWan-E5-Node-main/Middlewares/Third_Party/littlefs/lfs.c:4147:12:lfs_fs_deorphan	176	static
C:/Users/VAI/Documents/Cube/LoRaWan-E5-Node-main/Middlewares/Third_Party/littlefs/lfs.c:4222:12:lfs_fs_forceconsistency	24	static
C:/Users/VAI/Documents/Cube/LoRaWan-E5-Node-main/Middlewares/Third_Party/littlefs/lfs.c:4237:12:lfs_fs_size_count	24	static
C:/Users/VAI/Documents/Cube/LoRaWan-E5-Node-main/Middlewares/Third_Party/littlefs/lfs.c:4244:20:lfs_fs_rawsize	24	static
C:/Users/VAI/Documents/Cube/LoRaWan-E5-Node-main/Middlewares/Third_Party/littlefs/lfs.c:4916:5:lfs_format	24	static
C:/Users/VAI/Documents/Cube/LoRaWan-E5-Node-main/Middlewares/Third_Party/littlefs/lfs.c:4946:5:lfs_mount	24	static
C:/Users/VAI/Documents/Cube/LoRaWan-E5-Node-main/Middlewares/Third_Party/littlefs/lfs.c:4975:5:lfs_unmount	24	static
C:/Users/VAI/Documents/Cube/LoRaWan-E5-Node-main/Middlewares/Third_Party/littlefs/lfs.c:4990:5:lfs_remove	24	static
C:/Users/VAI/Documents/Cube/LoRaWan-E5-Node-main/Middlewares/Third_Party/littlefs/lfs.c:5006:5:lfs_rename	32	static
C:/Users/VAI/Documents/Cube/LoRaWan-E5-Node-main/Middlewares/Third_Party/littlefs/lfs.c:5021:5:lfs_stat	32	static
C:/Users/VAI/Documents/Cube/LoRaWan-E5-Node-main/Middlewares/Third_Party/littlefs/lfs.c:5035:13:lfs_getattr	40	static
C:/Users/VAI/Documents/Cube/LoRaWan-E5-Node-main/Middlewares/Third_Party/littlefs/lfs.c:5052:5:lfs_setattr	40	static
C:/Users/VAI/Documents/Cube/LoRaWan-E5-Node-main/Middlewares/Third_Party/littlefs/lfs.c:5070:5:lfs_removeattr	32	static
C:/Users/VAI/Documents/Cube/LoRaWan-E5-Node-main/Middlewares/Third_Party/littlefs/lfs.c:5085:5:lfs_file_open	32	static
C:/Users/VAI/Documents/Cube/LoRaWan-E5-Node-main/Middlewares/Third_Party/littlefs/lfs.c:5101:5:lfs_file_opencfg	40	static
C:/Users/VAI/Documents/Cube/LoRaWan-E5-Node-main/Middlewares/Third_Party/littlefs/lfs.c:5121:5:lfs_file_close	24	static
C:/Users/VAI/Documents/Cube/LoRaWan-E5-Node-main/Middlewares/Third_Party/littlefs/lfs.c:5137:5:lfs_file_sync	24	static
C:/Users/VAI/Documents/Cube/LoRaWan-E5-Node-main/Middlewares/Third_Party/littlefs/lfs.c:5153:13:lfs_file_read	32	static
C:/Users/VAI/Documents/Cube/LoRaWan-E5-Node-main/Middlewares/Third_Party/littlefs/lfs.c:5171:13:lfs_file_write	32	static
C:/Users/VAI/Documents/Cube/LoRaWan-E5-Node-main/Middlewares/Third_Party/littlefs/lfs.c:5189:12:lfs_file_seek	32	static
C:/Users/VAI/Documents/Cube/LoRaWan-E5-Node-main/Middlewares/Third_Party/littlefs/lfs.c:5207:5:lfs_file_truncate	32	static
C:/Users/VAI/Documents/Cube/LoRaWan-E5-Node-main/Middlewares/Third_Party/littlefs/lfs.c:5224:12:lfs_file_tell	24	static
C:/Users/VAI/Documents/Cube/LoRaWan-E5-Node-main/Middlewares/Third_Party/littlefs/lfs.c:5239:5:lfs_file_rewind	24	static
C:/Users/VAI/Documents/Cube/LoRaWan-E5-Node-main/Middlewares/Third_Party/littlefs/lfs.c:5253:12:lfs_file_size	24	static
C:/Users/VAI/Documents/Cube/LoRaWan-E5-Node-main/Middlewares/Third_Party/littlefs/lfs.c:5269:5:lfs_mkdir	24	static
C:/Users/VAI/Documents/Cube/LoRaWan-E5-Node-main/Middlewares/Third_Party/littlefs/lfs.c:5284:5:lfs_dir_open	32	static
C:/Users/VAI/Documents/Cube/LoRaWan-E5-Node-main/Middlewares/Third_Party/littlefs/lfs.c:5299:5:lfs_dir_close	24	static
C:/Users/VAI/Documents/Cube/LoRaWan-E5-Node-main/Middlewares/Third_Party/littlefs/lfs.c:5313:5:lfs_dir_read	32	static
C:/Users/VAI/Documents/Cube/LoRaWan-E5-Node-main/Middlewares/Third_Party/littlefs/lfs.c:5328:5:lfs_dir_seek	32	static
C:/Users/VAI/Documents/Cube/LoRaWan-E5-Node-main/Middlewares/Third_Party/littlefs/lfs.c:5343:12:lfs_dir_tell	24	static
C:/Users/VAI/Documents/Cube/LoRaWan-E5-Node-main/Middlewares/Third_Party/littlefs/lfs.c:5357:5:lfs_dir_rewind	24	static
C:/Users/VAI/Documents/Cube/LoRaWan-E5-Node-main/Middlewares/Third_Party/littlefs/lfs.c:5371:13:lfs_fs_size	24	static
C:/Users/VAI/Documents/Cube/LoRaWan-E5-Node-main/Middlewares/Third_Party/littlefs/lfs.c:5385:5:lfs_fs_traverse	32	static
